[    0.000000] Initializing cgroup subsys cpuset
[    0.000000] Initializing cgroup subsys cpu
[    0.000000] Initializing cgroup subsys cpuacct
[    0.000000] Linux version 4.4.0-210-generic (buildd@lgw01-amd64-009) (gcc version 5.4.0 20160609 (Ubuntu 5.4.0-6ubuntu1~16.04.12) ) #242-Ubuntu SMP Fri Apr 16 09:57:56 UTC 2021 (Ubuntu 4.4.0-210.242-generic 4.4.262)
[    0.000000] Command line: BOOT_IMAGE=/boot/vmlinuz-4.4.0-210-generic root=LABEL=cloudimg-rootfs ro console=tty1 console=ttyS0
[    0.000000] KERNEL supported cpus:
[    0.000000]   Intel GenuineIntel
[    0.000000]   AMD AuthenticAMD
[    0.000000]   Centaur CentaurHauls
[    0.000000] [Firmware Bug]: TSC doesn't count with P0 frequency!
[    0.000000] x86/fpu: Legacy x87 FPU detected.
[    0.000000] e820: BIOS-provided physical RAM map:
[    0.000000] BIOS-e820: [mem 0x0000000000000000-0x000000000009fbff] usable
[    0.000000] BIOS-e820: [mem 0x000000000009fc00-0x000000000009ffff] reserved
[    0.000000] BIOS-e820: [mem 0x00000000000f0000-0x00000000000fffff] reserved
[    0.000000] BIOS-e820: [mem 0x0000000000100000-0x000000003ffeffff] usable
[    0.000000] BIOS-e820: [mem 0x000000003fff0000-0x000000003fffffff] ACPI data
[    0.000000] BIOS-e820: [mem 0x00000000fec00000-0x00000000fec00fff] reserved
[    0.000000] BIOS-e820: [mem 0x00000000fee00000-0x00000000fee00fff] reserved
[    0.000000] BIOS-e820: [mem 0x00000000fffc0000-0x00000000ffffffff] reserved
[    0.000000] NX (Execute Disable) protection: active
[    0.000000] SMBIOS 2.5 present.
[    0.000000] Hypervisor detected: KVM
[    0.000000] Kernel/User page tables isolation: disabled
[    0.000000] e820: last_pfn = 0x3fff0 max_arch_pfn = 0x400000000
[    0.000000] MTRR: Disabled
[    0.000000] x86/PAT: MTRRs disabled, skipping PAT initialization too.
[    0.000000] CPU MTRRs all blank - virtualized system.
[    0.000000] x86/PAT: Configuration [0-7]: WB  WT  UC- UC  WB  WT  UC- UC  
[    0.000000] found SMP MP-table at [mem 0x0009fff0-0x0009ffff] mapped at [ffff88000009fff0]
[    0.000000] Scanning 1 areas for low memory corruption
[    0.000000] RAMDISK: [mem 0x362dc000-0x37165fff]
[    0.000000] ACPI: Early table checksum verification disabled
[    0.000000] ACPI: RSDP 0x00000000000E0000 000024 (v02 VBOX  )
[    0.000000] ACPI: XSDT 0x000000003FFF0030 00003C (v01 VBOX   VBOXXSDT 00000001 ASL  00000061)
[    0.000000] ACPI: FACP 0x000000003FFF00F0 0000F4 (v04 VBOX   VBOXFACP 00000001 ASL  00000061)
[    0.000000] ACPI: DSDT 0x000000003FFF0470 002325 (v02 VBOX   VBOXBIOS 00000002 INTL 20100528)
[    0.000000] ACPI: FACS 0x000000003FFF0200 000040
[    0.000000] ACPI: FACS 0x000000003FFF0200 000040
[    0.000000] ACPI: APIC 0x000000003FFF0240 00005C (v02 VBOX   VBOXAPIC 00000001 ASL  00000061)
[    0.000000] ACPI: SSDT 0x000000003FFF02A0 0001CC (v01 VBOX   VBOXCPUT 00000002 INTL 20100528)
[    0.000000] No NUMA configuration found
[    0.000000] Faking a node at [mem 0x0000000000000000-0x000000003ffeffff]
[    0.000000] NODE_DATA(0) allocated [mem 0x3ffeb000-0x3ffeffff]
[    0.000000] kvm-clock: Using msrs 4b564d01 and 4b564d00
[    0.000000] kvm-clock: cpu 0, msr 0:3ffe3001, primary cpu clock
[    0.000000] kvm-clock: using sched offset of 4155557666 cycles
[    0.000000] clocksource: kvm-clock: mask: 0xffffffffffffffff max_cycles: 0x1cd42e4dffb, max_idle_ns: 881590591483 ns
[    0.000000] Zone ranges:
[    0.000000]   DMA      [mem 0x0000000000001000-0x0000000000ffffff]
[    0.000000]   DMA32    [mem 0x0000000001000000-0x000000003ffeffff]
[    0.000000]   Normal   empty
[    0.000000]   Device   empty
[    0.000000] Movable zone start for each node
[    0.000000] Early memory node ranges
[    0.000000]   node   0: [mem 0x0000000000001000-0x000000000009efff]
[    0.000000]   node   0: [mem 0x0000000000100000-0x000000003ffeffff]
[    0.000000] Initmem setup node 0 [mem 0x0000000000001000-0x000000003ffeffff]
[    0.000000] ACPI: PM-Timer IO Port: 0x4008
[    0.000000] IOAPIC[0]: apic_id 2, version 32, address 0xfec00000, GSI 0-23
[    0.000000] ACPI: INT_SRC_OVR (bus 0 bus_irq 0 global_irq 2 dfl dfl)
[    0.000000] ACPI: INT_SRC_OVR (bus 0 bus_irq 9 global_irq 9 low level)
[    0.000000] Using ACPI (MADT) for SMP configuration information
[    0.000000] smpboot: Allowing 2 CPUs, 0 hotplug CPUs
[    0.000000] PM: Registered nosave memory: [mem 0x00000000-0x00000fff]
[    0.000000] PM: Registered nosave memory: [mem 0x0009f000-0x0009ffff]
[    0.000000] PM: Registered nosave memory: [mem 0x000a0000-0x000effff]
[    0.000000] PM: Registered nosave memory: [mem 0x000f0000-0x000fffff]
[    0.000000] e820: [mem 0x40000000-0xfebfffff] available for PCI devices
[    0.000000] Booting paravirtualized kernel on KVM
[    0.000000] clocksource: refined-jiffies: mask: 0xffffffff max_cycles: 0xffffffff, max_idle_ns: 7645519600211568 ns
[    0.000000] setup_percpu: NR_CPUS:512 nr_cpumask_bits:512 nr_cpu_ids:2 nr_node_ids:1
[    0.000000] PERCPU: Embedded 33 pages/cpu @ffff88003fc00000 s95192 r8192 d31784 u1048576
[    0.000000] Built 1 zonelists in Node order, mobility grouping on.  Total pages: 257912
[    0.000000] Policy zone: DMA32
[    0.000000] Kernel command line: BOOT_IMAGE=/boot/vmlinuz-4.4.0-210-generic root=LABEL=cloudimg-rootfs ro console=tty1 console=ttyS0
[    0.000000] PID hash table entries: 4096 (order: 3, 32768 bytes)
[    0.000000] Memory: 997792K/1048120K available (8644K kernel code, 1332K rwdata, 4044K rodata, 1492K init, 1164K bss, 50328K reserved, 0K cma-reserved)
[    0.000000] SLUB: HWalign=64, Order=0-3, MinObjects=0, CPUs=2, Nodes=1
[    0.000000] Hierarchical RCU implementation.
[    0.000000] 	Build-time adjustment of leaf fanout to 64.
[    0.000000] 	RCU restricting CPUs from NR_CPUS=512 to nr_cpu_ids=2.
[    0.000000] RCU: Adjusting geometry for rcu_fanout_leaf=64, nr_cpu_ids=2
[    0.000000] NR_IRQS:33024 nr_irqs:440 16
[    0.000000] Console: colour VGA+ 80x25
[    0.000000] console [tty1] enabled
[    0.000000] console [ttyS0] enabled
[    0.000000] tsc: Detected 2095.996 MHz processor
[    0.692334] Calibrating delay loop (skipped) preset value.. 4191.99 BogoMIPS (lpj=8383984)
[    0.701132] pid_max: default: 32768 minimum: 301
[    0.705876] ACPI: Core revision 20150930
[    0.712737] ACPI: 2 ACPI AML tables successfully acquired and loaded
[    0.720653] Security Framework initialized
[    0.725579] Yama: becoming mindful.
[    0.731369] AppArmor: AppArmor initialized
[    0.736004] Dentry cache hash table entries: 131072 (order: 8, 1048576 bytes)
[    0.750874] Inode-cache hash table entries: 65536 (order: 7, 524288 bytes)
[    0.762007] Mount-cache hash table entries: 2048 (order: 2, 16384 bytes)
[    0.769357] Mountpoint-cache hash table entries: 2048 (order: 2, 16384 bytes)
[    0.778528] Initializing cgroup subsys io
[    0.783008] Initializing cgroup subsys memory
[    0.788333] Initializing cgroup subsys devices
[    0.795319] Initializing cgroup subsys freezer
[    0.801242] Initializing cgroup subsys net_cls
[    0.806112] Initializing cgroup subsys perf_event
[    0.811635] Initializing cgroup subsys net_prio
[    0.818761] Initializing cgroup subsys hugetlb
[    0.824594] Initializing cgroup subsys pids
[    0.830188] mce: CPU supports 0 MCE banks
[    0.835415] Last level iTLB entries: 4KB 1024, 2MB 1024, 4MB 512
[    0.844614] Last level dTLB entries: 4KB 1536, 2MB 1536, 4MB 768, 1GB 0
[    0.851828] Spectre V1 : Mitigation: usercopy/swapgs barriers and __user pointer sanitization
[    0.868819] Spectre V2 : Spectre mitigation: LFENCE not serializing, switching to generic retpoline
[    0.881299] Spectre V2 : Mitigation: Full generic retpoline
[    0.890666] Spectre V2 : Spectre v2 / SpectreRSB mitigation: Filling RSB on context switch
[    0.902736] Speculative Store Bypass: Mitigation: Speculative Store Bypass disabled via prctl and seccomp
[    0.958259] Freeing SMP alternatives memory: 36K
[    1.064395] ftrace: allocating 32380 entries in 127 pages
[    1.781630] smpboot: APIC(0) Converting physical 0 to logical package 0
[    1.790780] smpboot: Max logical packages: 1
[    1.811158] ..TIMER: vector=0x30 apic1=0 pin1=2 apic2=-1 pin2=-1
[    1.926970] smpboot: CPU0: AMD Ryzen 5 3500U with Radeon Vega Mobile Gfx (family: 0x17, model: 0x18, stepping: 0x1)
[    1.940439] Performance Events: Broken PMU hardware detected, using software events only.
[    1.949524] Failed to access perfctr msr (MSR c0010007 is 0)
[    2.060947] KVM setup paravirtual spinlock
[    2.068706] x86: Booting SMP configuration:
[    2.073346] .... node  #0, CPUs:      #1
[    2.079691] kvm-clock: cpu 1, msr 0:3ffe3041, secondary cpu clock
[    2.088873] mce: CPU supports 0 MCE banks
[    2.094042] x86: Booted up 1 node, 2 CPUs
[    2.098759] smpboot: Total of 2 processors activated (8383.98 BogoMIPS)
[    2.112077] devtmpfs: initialized
[    2.121135] evm: security.selinux
[    2.125634] evm: security.SMACK64
[    2.129441] evm: security.SMACK64EXEC
[    2.133623] evm: security.SMACK64TRANSMUTE
[    2.138155] evm: security.SMACK64MMAP
[    2.142317] evm: security.ima
[    2.145728] evm: security.capability
[    2.150838] clocksource: jiffies: mask: 0xffffffff max_cycles: 0xffffffff, max_idle_ns: 7645041785100000 ns
[    2.161577] futex hash table entries: 512 (order: 3, 32768 bytes)
[    2.169936] pinctrl core: initialized pinctrl subsystem
[    2.176028] RTC time:  8:35:23, date: 04/23/22
[    2.182427] NET: Registered protocol family 16
[    2.197173] cpuidle: using governor ladder
[    2.207661] cpuidle: using governor menu
[    2.215419] PCCT header not found.
[    2.226749] ACPI: bus type PCI registered
[    2.232590] acpiphp: ACPI Hot Plug PCI Controller Driver version: 0.5
[    2.241296] PCI: Using configuration type 1 for base access
[    2.247978] PCI: Using configuration type 1 for extended access
[    2.269241] ACPI: Added _OSI(Module Device)
[    2.274752] ACPI: Added _OSI(Processor Device)
[    2.280495] ACPI: Added _OSI(3.0 _SCP Extensions)
[    2.286285] ACPI: Added _OSI(Processor Aggregator Device)
[    2.294441] ACPI: Executed 1 blocks of module-level executable AML code
[    2.308773] ACPI: Interpreter enabled
[    2.313866] ACPI: (supports S0 S5)
[    2.318550] ACPI: Using IOAPIC for interrupt routing
[    2.325503] PCI: Using host bridge windows from ACPI; if necessary, use "pci=nocrs" and report a bug
[    2.345591] ACPI: PCI Root Bridge [PCI0] (domain 0000 [bus 00-ff])
[    2.352636] acpi PNP0A03:00: _OSC: OS supports [ExtendedConfig ASPM ClockPM Segments MSI]
[    2.364416] acpi PNP0A03:00: _OSC: platform does not support [PCIeCapability]
[    2.373679] acpi PNP0A03:00: _OSC: not requesting control; platform does not support [PCIeCapability]
[    2.384403] acpi PNP0A03:00: _OSC: OS requested [PCIeHotplug PME AER PCIeCapability]
[    2.393703] acpi PNP0A03:00: _OSC: platform willing to grant [PCIeHotplug PME AER]
[    2.402922] acpi PNP0A03:00: _OSC failed (AE_SUPPORT); disabling ASPM
[    2.411610] PCI host bridge to bus 0000:00
[    2.416866] pci_bus 0000:00: root bus resource [io  0x0000-0x0cf7 window]
[    2.425205] pci_bus 0000:00: root bus resource [io  0x0d00-0xffff window]
[    2.433255] pci_bus 0000:00: root bus resource [mem 0x000a0000-0x000bffff window]
[    2.442498] pci_bus 0000:00: root bus resource [mem 0x40000000-0xfdffffff window]
[    2.451335] pci_bus 0000:00: root bus resource [bus 00-ff]
[    2.467304] pci 0000:00:01.1: legacy IDE quirk: reg 0x10: [io  0x01f0-0x01f7]
[    2.475719] pci 0000:00:01.1: legacy IDE quirk: reg 0x14: [io  0x03f6]
[    2.505248] pci 0000:00:01.1: legacy IDE quirk: reg 0x18: [io  0x0170-0x0177]
[    2.514010] pci 0000:00:01.1: legacy IDE quirk: reg 0x1c: [io  0x0376]
[    2.546790] pci 0000:00:07.0: quirk: [io  0x4000-0x403f] claimed by PIIX4 ACPI
[    2.555737] pci 0000:00:07.0: quirk: [io  0x4100-0x410f] claimed by PIIX4 SMB
[    2.577193] ACPI: PCI Interrupt Link [LNKA] (IRQs 5 9 10 *11)
[    2.589940] ACPI: PCI Interrupt Link [LNKB] (IRQs 5 9 *10 11)
[    2.602798] ACPI: PCI Interrupt Link [LNKC] (IRQs 5 *9 10 11)
[    2.615651] ACPI: PCI Interrupt Link [LNKD] (IRQs 5 9 10 *11)
[    2.628550] ACPI: Enabled 2 GPEs in block 00 to 07
[    2.637536] vgaarb: setting as boot device: PCI:0000:00:02.0
[    2.644309] vgaarb: device added: PCI:0000:00:02.0,decodes=io+mem,owns=io+mem,locks=none
[    2.654150] vgaarb: loaded
[    2.658088] vgaarb: bridge control possible 0000:00:02.0
[    2.665310] SCSI subsystem initialized
[    2.671511] ACPI: bus type USB registered
[    2.676412] usbcore: registered new interface driver usbfs
[    2.683291] usbcore: registered new interface driver hub
[    2.690897] usbcore: registered new device driver usb
[    2.700241] PCI: Using ACPI for IRQ routing
[    2.706958] NetLabel: Initializing
[    2.711368] NetLabel:  domain hash size = 128
[    2.717393] NetLabel:  protocols = UNLABELED CIPSOv4
[    2.724529] NetLabel:  unlabeled traffic allowed by default
[    2.732349] amd_nb: Cannot enumerate AMD northbridges
[    2.740318] clocksource: Switched to clocksource kvm-clock
[    2.790607] AppArmor: AppArmor Filesystem Enabled
[    2.796280] pnp: PnP ACPI init
[    2.802671] pnp: PnP ACPI: found 3 devices
[    2.854592] clocksource: acpi_pm: mask: 0xffffff max_cycles: 0xffffff, max_idle_ns: 2085701024 ns
[    2.863420] NET: Registered protocol family 2
[    2.869691] TCP established hash table entries: 8192 (order: 4, 65536 bytes)
[    2.881983] TCP bind hash table entries: 8192 (order: 5, 131072 bytes)
[    2.892558] TCP: Hash tables configured (established 8192 bind 8192)
[    2.903357] UDP hash table entries: 512 (order: 2, 16384 bytes)
[    2.912223] UDP-Lite hash table entries: 512 (order: 2, 16384 bytes)
[    2.921607] NET: Registered protocol family 1
[    2.927912] pci 0000:00:00.0: Limiting direct PCI/PCI transfers
[    2.936209] pci 0000:00:01.0: Activating ISA DMA hang workarounds
[    2.945530] Unpacking initramfs...
[    3.395859] Freeing initrd memory: 14888K
[    3.400664] clocksource: tsc: mask: 0xffffffffffffffff max_cycles: 0x1e366a20b72, max_idle_ns: 440795237802 ns
[    3.411500] platform rtc_cmos: registered platform RTC device (no PNP device found)
[    3.419820] Scanning for low memory corruption every 60 seconds
[    3.429448] audit: initializing netlink subsys (disabled)
[    3.435568] audit: type=2000 audit(1650702928.245:1): initialized
[    3.442354] Initialise system trusted keyring
[    3.449887] HugeTLB registered 2 MB page size, pre-allocated 0 pages
[    3.459907] zbud: loaded
[    3.464919] VFS: Disk quotas dquot_6.6.0
[    3.471807] VFS: Dquot-cache hash table entries: 512 (order 0, 4096 bytes)
[    3.480394] squashfs: version 4.0 (2009/01/31) Phillip Lougher
[    3.490515] fuse init (API version 7.23)
[    3.498045] Key type big_key registered
[    3.502456] Allocating IMA MOK and blacklist keyrings.
[    3.526406] Key type asymmetric registered
[    3.532277] Asymmetric key parser 'x509' registered
[    3.538669] Block layer SCSI generic (bsg) driver version 0.4 loaded (major 249)
[    3.548256] io scheduler noop registered
[    3.553594] io scheduler deadline registered (default)
[    3.560150] io scheduler cfq registered
[    3.565430] pci_hotplug: PCI Hot Plug PCI Core version: 0.5
[    3.572627] pciehp: PCI Express Hot Plug Controller Driver version: 0.4
[    3.581085] ACPI: AC Adapter [AC] (on-line)
[    3.586244] input: Power Button as /devices/LNXSYSTM:00/LNXPWRBN:00/input/input0
[    3.595560] ACPI: Power Button [PWRF]
[    3.600728] input: Sleep Button as /devices/LNXSYSTM:00/LNXSLPBN:00/input/input1
[    3.610105] ACPI: Sleep Button [SLPF]
[    3.616994] GHES: HEST is not enabled!
[    3.618643] ACPI: Battery Slot [BAT0] (battery present)
[    3.631327] Serial: 8250/16550 driver, 32 ports, IRQ sharing enabled
[    3.665670] 00:02: ttyS0 at I/O 0x3f8 (irq = 4, base_baud = 115200) is a 16550A
[    3.690696] Linux agpgart interface v0.103
[    3.716197] loop: module loaded
[    3.725998] scsi host0: ata_piix
[    3.733948] scsi host1: ata_piix
[    3.737980] ata1: PATA max UDMA/33 cmd 0x1f0 ctl 0x3f6 bmdma 0xd000 irq 14
[    3.746096] ata2: PATA max UDMA/33 cmd 0x170 ctl 0x376 bmdma 0xd008 irq 15
[    3.754789] libphy: Fixed MDIO Bus: probed
[    3.760502] tun: Universal TUN/TAP device driver, 1.6
[    3.766640] tun: (C) 1999-2004 Max Krasnyansky <maxk@qualcomm.com>
[    3.775144] PPP generic driver version 2.4.2
[    3.781428] ehci_hcd: USB 2.0 'Enhanced' Host Controller (EHCI) Driver
[    3.789184] ehci-pci: EHCI PCI platform driver
[    3.794671] ehci-platform: EHCI generic platform driver
[    3.801383] ohci_hcd: USB 1.1 'Open' Host Controller (OHCI) Driver
[    3.808738] ohci-pci: OHCI PCI platform driver
[    3.814390] ohci-platform: OHCI generic platform driver
[    3.821553] uhci_hcd: USB Universal Host Controller Interface driver
[    3.829768] i8042: PNP: PS/2 Controller [PNP0303:PS2K,PNP0f03:PS2M] at 0x60,0x64 irq 1,12
[    3.845920] serio: i8042 KBD port at 0x60,0x64 irq 1
[    3.852768] serio: i8042 AUX port at 0x60,0x64 irq 12
[    3.861521] mousedev: PS/2 mouse device common for all mice
[    3.873726] rtc_cmos rtc_cmos: rtc core: registered rtc_cmos as rtc0
[    3.882003] rtc_cmos rtc_cmos: alarms up to one day, 114 bytes nvram
[    3.889530] i2c /dev entries driver
[    3.896480] device-mapper: uevent: version 1.0.3
[    3.904721] device-mapper: ioctl: 4.34.0-ioctl (2015-10-28) initialised: dm-devel@redhat.com
[    3.914971] ledtrig-cpu: registered to indicate activity on CPUs
[    3.957232] NET: Registered protocol family 10
[    3.963147] NET: Registered protocol family 17
[    3.968486] Key type dns_resolver registered
[    3.974104] registered taskstats version 1
[    3.979270] Loading compiled-in X.509 certificates
[    3.985164] Loaded X.509 cert 'Build time autogenerated kernel key: cf00e047681d67edb2720680708b7d9498083038'
[    3.996287] zswap: loaded using pool lzo/zbud
[    4.002549] input: AT Translated Set 2 keyboard as /devices/platform/i8042/serio0/input/input2
[    4.020988] Key type trusted registered
[    4.041454] Key type encrypted registered
[    4.046044] AppArmor: AppArmor sha1 policy hashing enabled
[    4.051761] ima: No TPM chip found, activating TPM-bypass!
[    4.057414] ima: Allocated hash algorithm: sha1
[    4.062510] evm: HMAC attrs: 0x1
[    4.067561]   Magic number: 2:592:574
[    4.075275] rtc_cmos rtc_cmos: setting system clock to 2022-04-23 08:35:25 UTC (1650702925)
[    4.086362] BIOS EDD facility v0.16 2004-Jun-25, 0 devices found
[    4.096793] EDD information not available.
[    4.107014] Freeing unused kernel memory: 1492K
[    4.128609] Write protecting the kernel read-only data: 14336k
[    4.137672] Freeing unused kernel memory: 1584K
[    4.143559] Freeing unused kernel memory: 52K
Loading, please wait...
starting version[    4.180756] random: systemd-udevd: uninitialized urandom read (16 bytes read, 5 bits of entropy available)
 229
[    4.190252] random: udevadm: uninitialized urandom read (16 bytes read, 5 bits of entropy available)
[    4.190275] random: udevadm: uninitialized urandom read (16 bytes read, 5 bits of entropy available)
[    4.205691] random: udevadm: uninitialized urandom read (16 bytes read, 5 bits of entropy available)
[    4.205730] random: udevadm: uninitialized urandom read (16 bytes read, 5 bits of entropy available)
[    4.205958] random: udevadm: uninitialized urandom read (16 bytes read, 5 bits of entropy available)
[    4.206003] random: udevadm: uninitialized urandom read (16 bytes read, 5 bits of entropy available)
[    4.206115] random: udevadm: uninitialized urandom read (16 bytes read, 5 bits of entropy available)
[    4.206161] random: udevadm: uninitialized urandom read (16 bytes read, 5 bits of entropy available)
[    4.206243] random: udevadm: uninitialized urandom read (16 bytes read, 5 bits of entropy available)
[    4.326436] e1000: Intel(R) PRO/1000 Network Driver - version 7.3.21-k8-NAPI
[    4.335230] e1000: Copyright (c) 1999-2006 Intel Corporation.
[    4.370933] Fusion MPT base driver 3.04.20
[    4.376828] Copyright (c) 1999-2008 LSI Corporation
[    4.416323] Fusion MPT SPI Host driver 3.04.20
[    4.658228] input: ImExPS/2 Generic Explorer Mouse as /devices/platform/i8042/serio1/input/input4
[    5.111853] e1000 0000:00:03.0 eth0: (PCI:33MHz:32-bit) 02:be:82:6b:cc:1d
[    5.120117] e1000 0000:00:03.0 eth0: Intel(R) PRO/1000 Network Connection
[    5.791781] e1000 0000:00:08.0 eth1: (PCI:33MHz:32-bit) 08:00:27:4f:48:7e
[    5.799707] e1000 0000:00:08.0 eth1: Intel(R) PRO/1000 Network Connection
[    5.811824] e1000 0000:00:08.0 enp0s8: renamed from eth1
[    5.812065] mptbase: ioc0: Initiating bringup
[    5.833308] e1000 0000:00:03.0 enp0s3: renamed from eth0
[    5.902758] ioc0: LSI53C1030 A0: Capabilities={Initiator}
[    6.135979] scsi host2: ioc0: LSI53C1030 A0, FwRev=00000000h, Ports=1, MaxQ=256, IRQ=20
[    6.259257] scsi 2:0:0:0: Direct-Access     VBOX     HARDDISK         1.0  PQ: 0 ANSI: 5
[    6.271705] scsi target2:0:0: Beginning Domain Validation
[    6.285066] scsi target2:0:0: Domain Validation skipping write tests
[    6.291755] scsi target2:0:0: Ending Domain Validation
[    6.298259] scsi target2:0:0: asynchronous
[    6.306307] scsi 2:0:1:0: Direct-Access     VBOX     HARDDISK         1.0  PQ: 0 ANSI: 5
[    6.315157] scsi target2:0:1: Beginning Domain Validation
[    6.331995] scsi target2:0:1: Domain Validation skipping write tests
[    6.339236] scsi target2:0:1: Ending Domain Validation
[    6.345637] scsi target2:0:1: asynchronous
[    6.389158] sd 2:0:0:0: Attached scsi generic sg0 type 0
[    6.396681] sd 2:0:1:0: Attached scsi generic sg1 type 0
[    6.403856] sd 2:0:0:0: [sda] 83886080 512-byte logical blocks: (42.9 GB/40.0 GiB)
[    6.413576] sd 2:0:1:0: [sdb] 20480 512-byte logical blocks: (10.5 MB/10.0 MiB)
[    6.413970] sd 2:0:0:0: [sda] Write Protect is off
[    6.414548] sd 2:0:0:0: [sda] Incomplete mode parameter data
[    6.414550] sd 2:0:0:0: [sda] Assuming drive cache: write through
[    6.422401]  sda: sda1
[    6.426252] sd 2:0:0:0: [sda] Attached SCSI disk
[    6.454146] sd 2:0:1:0: [sdb] Write Protect is off
[    6.462995] sd 2:0:1:0: [sdb] Incomplete mode parameter data
[    6.470159] sd 2:0:1:0: [sdb] Assuming drive cache: write through
[    6.488795] sd 2:0:1:0: [sdb] Attached SCSI disk
Begin: Loading essential drivers ... [    8.157357] md: linear personality registered for level -1
[    8.173191] md: multipath personality registered for level -4
[    8.187708] md: raid0 personality registered for level 0
[    8.213016] md: raid1 personality registered for level 1
[    8.296476] raid6: sse2x1   gen()  6928 MB/s
[    8.365065] raid6: sse2x1   xor()  5576 MB/s
